../Core/Src/main.c:54:6:DWT_Init	4	static
../Core/Src/main.c:62:6:debugPrint	16	static
../Core/Src/main.c:67:6:delay_us	24	static
../Core/Src/main.c:75:6:GPIO_SetMode	48	static
../Core/Src/main.c:87:6:send_start_signal	16	static
../Core/Src/main.c:115:16:bitsToByte	24	static
../Core/Src/main.c:126:13:decodeData	72	static
../Core/Src/main.c:155:19:DHT22_ReadData	128	static
../Core/Src/main.c:201:5:main	176	static
../Core/Src/main.c:270:6:SystemClock_Config	88	static
../Core/Src/main.c:315:13:MX_USART2_UART_Init	8	static
../Core/Src/main.c:346:13:MX_GPIO_Init	48	static
../Core/Src/main.c:391:6:Error_Handler	4	static,ignoring_inline_asm
